src/constants/exampleCatalog.ts(23,1): error TS6133: 'EditableProfileForm' is declared but its value is never read.
src/constants/exampleCatalog.ts(24,1): error TS6133: 'MultiStepCheckout' is declared but its value is never read.
src/constants/exampleCatalog.ts(28,1): error TS6133: 'DateRangeFilter' is declared but its value is never read.
src/constants/exampleCatalog.ts(29,1): error TS6133: 'TagInputField' is declared but its value is never read.
src/pages/DynamicPieChart.tsx(166,21): error TS2322: Type '(value: number) => string' is not assignable to type 'Formatter<ValueType, NameType> & ((value: ValueType, name: NameType, item: TooltipPayloadEntry, index: number, payload: TooltipPayload) => ReactNode | [...])'.
  Type '(value: number) => string' is not assignable to type 'Formatter<ValueType, NameType>'.
    Types of parameters 'value' and 'value' are incompatible.
      Type 'ValueType | undefined' is not assignable to type 'number'.
        Type 'undefined' is not assignable to type 'number'.
src/pages/EchartsHeatmap.tsx(4,1): error TS6133: 'echarts' is declared but its value is never read.
src/pages/FloatingInteractions.tsx(1,38): error TS6133: 'useRef' is declared but its value is never read.
src/pages/InteractiveTable.tsx(1,27): error TS6133: 'useEffect' is declared but its value is never read.
src/pages/InteractiveTable.tsx(6,1): error TS6133: 'Card' is declared but its value is never read.
src/pages/KpiGaugeChart.tsx(77,30): error TS6133: 'entry' is declared but its value is never read.
src/pages/LayoutInteractions.tsx(1,27): error TS6133: 'useEffect' is declared but its value is never read.
src/pages/LayoutInteractions.tsx(5,1): error TS6133: 'Button' is declared but its value is never read.
src/pages/LiveChartDashboard.tsx(2,1): error TS6133: 'styled' is declared but its value is never read.
src/pages/MultiStepWizard.tsx(88,66): error TS2322: Type '{ steps: { title: string; }[]; currentStep: number; style: { marginBottom: string; }; }' is not assignable to type 'IntrinsicAttributes & StepIndicatorProps'.
  Property 'style' does not exist on type 'IntrinsicAttributes & StepIndicatorProps'.
